// Jest Snapshot v1, https://goo.gl/fbAQLP

exports[`<Chat /> renders this UI as expected 1`] = `<div />`;
