// Jest Snapshot v1, https://goo.gl/fbAQLP

exports[`<Participant /> renders this UI as expected 1`] = `
<div>
  <img
    alt="the participants avatar"
  />
  <h3 />
  <p>
    
  </p>
  <button>
    Boot
  </button>
</div>
`;
